// Jest Snapshot v1, https://goo.gl/fbAQLP

exports[`LakeInfoCard renders correctly 1`] = `
<DocumentFragment>
  <div
    class="MuiBox-root css-29of7v"
    data-testid="infocard-body"
  >
    <div
      class="MuiBox-root css-16yr8je"
    >
      <h4
        class="MuiTypography-root MuiTypography-h4 css-dvb9hv-MuiTypography-root"
      >
        Mynor Lake
      </h4>
      <button
        class="MuiButtonBase-root MuiIconButton-root MuiIconButton-sizeMedium css-1a49dbd-MuiButtonBase-root-MuiIconButton-root"
        data-testid="infocard-exit"
        tabindex="0"
        type="button"
      >
        <svg
          aria-hidden="true"
          class="MuiSvgIcon-root MuiSvgIcon-fontSizeMedium css-1umw9bq-MuiSvgIcon-root"
          data-testid="CloseIcon"
          focusable="false"
          viewBox="0 0 24 24"
        >
          <path
            d="M19 6.41 17.59 5 12 10.59 6.41 5 5 6.41 10.59 12 5 17.59 6.41 19 12 13.41 17.59 19 19 17.59 13.41 12z"
          />
        </svg>
      </button>
    </div>
    <hr
      class="MuiDivider-root MuiDivider-fullWidth css-x148m1-MuiDivider-root"
    />
    <div
      class="MuiBox-root css-1y4jlh3"
    >
      <div
        class="MuiGrid2-root MuiGrid2-container MuiGrid2-direction-xs-row MuiGrid2-spacing-xs-2 css-ubb9a5-MuiGrid2-root"
      >
        <div
          class="MuiGrid2-root MuiGrid2-direction-xs-row MuiGrid2-grid-xs-6 css-ticvdu-MuiGrid2-root"
        >
          <p
            class="MuiTypography-root MuiTypography-body1 css-tckkrt-MuiTypography-root"
          >
            Latitude: 123
          </p>
        </div>
        <div
          class="MuiGrid2-root MuiGrid2-direction-xs-row MuiGrid2-grid-xs-6 css-ticvdu-MuiGrid2-root"
        >
          <p
            class="MuiTypography-root MuiTypography-body1 css-tckkrt-MuiTypography-root"
          >
            Longitude: 456
          </p>
        </div>
        <div
          class="MuiGrid2-root MuiGrid2-direction-xs-row MuiGrid2-grid-xs-6 css-ticvdu-MuiGrid2-root"
        >
          <p
            class="MuiTypography-root MuiTypography-body1 css-tckkrt-MuiTypography-root"
          >
            Misc Information: Test Notes
          </p>
        </div>
        <div
          class="MuiGrid2-root MuiGrid2-direction-xs-row MuiGrid2-grid-xs-12 css-1j0u08r-MuiGrid2-root"
        />
      </div>
    </div>
  </div>
</DocumentFragment>
`;
