// Jest Snapshot v1, https://goo.gl/fbAQLP

exports[`SeverityOverTimeChart should render the chart 1`] = `
<DocumentFragment>
  <div
    class="MuiBox-root css-0"
  >
    <div
      class="MuiTabs-root css-jhczcq-MuiTabs-root"
    >
      <div
        class="MuiTabs-scroller MuiTabs-fixed css-s2t35c-MuiTabs-scroller"
        style="overflow: hidden; margin-bottom: 0px;"
      >
        <div
          aria-label="contaminants tab"
          class="MuiTabs-flexContainer css-1wxkzlj-MuiTabs-flexContainer"
          role="tablist"
        >
          <button
            aria-selected="true"
            class="MuiButtonBase-root MuiTab-root MuiTab-textColorPrimary Mui-selected css-aynvm1-MuiButtonBase-root-MuiTab-root"
            id="contaminant-tab-0"
            role="tab"
            tabindex="0"
            type="button"
          >
            Metrolinx - GO Transit Halton Hills
          </button>
        </div>
        <span
          class="MuiTabs-indicator css-imd4kt-MuiTabs-indicator"
          style="left: 0px; width: 0px;"
        />
      </div>
    </div>
    <div
      aria-labelledby="contaminant-tab-0"
      class="MuiBox-root css-0"
      id="contaminant-tabpanel-0"
    >
      <div
        class="MuiBox-root css-0"
      >
        <div>
          <p>
            ResponsiveContainer
          </p>
          <div
            class="recharts-wrapper"
            style="position: relative; cursor: default; width: 500px; height: 300px;"
          >
            <svg
              class="recharts-surface"
              height="300"
              style="width: 100%; height: 100%;"
              viewBox="0 0 500 300"
              width="500"
            >
              <title />
              <desc />
              <defs>
                <clippath
                  id="recharts1-clip"
                >
                  <rect
                    height="260"
                    width="380"
                    x="90"
                    y="5"
                  />
                </clippath>
              </defs>
              <g
                class="recharts-cartesian-grid"
              />
              <g
                class="recharts-layer recharts-cartesian-axis recharts-xAxis xAxis"
              >
                <line
                  class="recharts-cartesian-axis-line"
                  fill="none"
                  height="30"
                  orientation="bottom"
                  stroke="#666"
                  width="380"
                  x="90"
                  x1="90"
                  x2="470"
                  y="265"
                  y1="265"
                  y2="265"
                />
                <g
                  class="recharts-cartesian-axis-ticks"
                >
                  <g
                    class="recharts-layer recharts-cartesian-axis-tick"
                  >
                    <line
                      class="recharts-cartesian-axis-tick-line"
                      fill="none"
                      height="30"
                      orientation="bottom"
                      stroke="#666"
                      width="380"
                      x="90"
                      x1="120"
                      x2="120"
                      y="265"
                      y1="271"
                      y2="265"
                    />
                    <text
                      class="recharts-text recharts-cartesian-axis-tick-value"
                      fill="#666"
                      height="30"
                      orientation="bottom"
                      stroke="none"
                      text-anchor="middle"
                      width="380"
                      x="120"
                      y="273"
                    >
                      <tspan
                        dy="0.71em"
                        x="120"
                      >
                        2016-02-05
                      </tspan>
                    </text>
                  </g>
                  <g
                    class="recharts-layer recharts-cartesian-axis-tick"
                  >
                    <line
                      class="recharts-cartesian-axis-tick-line"
                      fill="none"
                      height="30"
                      orientation="bottom"
                      stroke="#666"
                      width="380"
                      x="90"
                      x1="155.55555555555554"
                      x2="155.55555555555554"
                      y="265"
                      y1="271"
                      y2="265"
                    />
                    <text
                      class="recharts-text recharts-cartesian-axis-tick-value"
                      fill="#666"
                      height="30"
                      orientation="bottom"
                      stroke="none"
                      text-anchor="middle"
                      width="380"
                      x="155.55555555555554"
                      y="273"
                    >
                      <tspan
                        dy="0.71em"
                        x="155.55555555555554"
                      >
                        2016-02-17
                      </tspan>
                    </text>
                  </g>
                  <g
                    class="recharts-layer recharts-cartesian-axis-tick"
                  >
                    <line
                      class="recharts-cartesian-axis-tick-line"
                      fill="none"
                      height="30"
                      orientation="bottom"
                      stroke="#666"
                      width="380"
                      x="90"
                      x1="191.11111111111111"
                      x2="191.11111111111111"
                      y="265"
                      y1="271"
                      y2="265"
                    />
                    <text
                      class="recharts-text recharts-cartesian-axis-tick-value"
                      fill="#666"
                      height="30"
                      orientation="bottom"
                      stroke="none"
                      text-anchor="middle"
                      width="380"
                      x="191.11111111111111"
                      y="273"
                    >
                      <tspan
                        dy="0.71em"
                        x="191.11111111111111"
                      >
                        2016-05-12
                      </tspan>
                    </text>
                  </g>
                  <g
                    class="recharts-layer recharts-cartesian-axis-tick"
                  >
                    <line
                      class="recharts-cartesian-axis-tick-line"
                      fill="none"
                      height="30"
                      orientation="bottom"
                      stroke="#666"
                      width="380"
                      x="90"
                      x1="226.66666666666669"
                      x2="226.66666666666669"
                      y="265"
                      y1="271"
                      y2="265"
                    />
                    <text
                      class="recharts-text recharts-cartesian-axis-tick-value"
                      fill="#666"
                      height="30"
                      orientation="bottom"
                      stroke="none"
                      text-anchor="middle"
                      width="380"
                      x="226.66666666666669"
                      y="273"
                    >
                      <tspan
                        dy="0.71em"
                        x="226.66666666666669"
                      >
                        2016-05-15
                      </tspan>
                    </text>
                  </g>
                  <g
                    class="recharts-layer recharts-cartesian-axis-tick"
                  >
                    <line
                      class="recharts-cartesian-axis-tick-line"
                      fill="none"
                      height="30"
                      orientation="bottom"
                      stroke="#666"
                      width="380"
                      x="90"
                      x1="262.22222222222223"
                      x2="262.22222222222223"
                      y="265"
                      y1="271"
                      y2="265"
                    />
                    <text
                      class="recharts-text recharts-cartesian-axis-tick-value"
                      fill="#666"
                      height="30"
                      orientation="bottom"
                      stroke="none"
                      text-anchor="middle"
                      width="380"
                      x="262.22222222222223"
                      y="273"
                    >
                      <tspan
                        dy="0.71em"
                        x="262.22222222222223"
                      >
                        2016-06-15
                      </tspan>
                    </text>
                  </g>
                  <g
                    class="recharts-layer recharts-cartesian-axis-tick"
                  >
                    <line
                      class="recharts-cartesian-axis-tick-line"
                      fill="none"
                      height="30"
                      orientation="bottom"
                      stroke="#666"
                      width="380"
                      x="90"
                      x1="297.77777777777777"
                      x2="297.77777777777777"
                      y="265"
                      y1="271"
                      y2="265"
                    />
                    <text
                      class="recharts-text recharts-cartesian-axis-tick-value"
                      fill="#666"
                      height="30"
                      orientation="bottom"
                      stroke="none"
                      text-anchor="middle"
                      width="380"
                      x="297.77777777777777"
                      y="273"
                    >
                      <tspan
                        dy="0.71em"
                        x="297.77777777777777"
                      >
                        2016-08-02
                      </tspan>
                    </text>
                  </g>
                  <g
                    class="recharts-layer recharts-cartesian-axis-tick"
                  >
                    <line
                      class="recharts-cartesian-axis-tick-line"
                      fill="none"
                      height="30"
                      orientation="bottom"
                      stroke="#666"
                      width="380"
                      x="90"
                      x1="333.33333333333337"
                      x2="333.33333333333337"
                      y="265"
                      y1="271"
                      y2="265"
                    />
                    <text
                      class="recharts-text recharts-cartesian-axis-tick-value"
                      fill="#666"
                      height="30"
                      orientation="bottom"
                      stroke="none"
                      text-anchor="middle"
                      width="380"
                      x="333.33333333333337"
                      y="273"
                    >
                      <tspan
                        dy="0.71em"
                        x="333.33333333333337"
                      >
                        2016-09-05
                      </tspan>
                    </text>
                  </g>
                  <g
                    class="recharts-layer recharts-cartesian-axis-tick"
                  >
                    <line
                      class="recharts-cartesian-axis-tick-line"
                      fill="none"
                      height="30"
                      orientation="bottom"
                      stroke="#666"
                      width="380"
                      x="90"
                      x1="368.8888888888889"
                      x2="368.8888888888889"
                      y="265"
                      y1="271"
                      y2="265"
                    />
                    <text
                      class="recharts-text recharts-cartesian-axis-tick-value"
                      fill="#666"
                      height="30"
                      orientation="bottom"
                      stroke="none"
                      text-anchor="middle"
                      width="380"
                      x="368.8888888888889"
                      y="273"
                    >
                      <tspan
                        dy="0.71em"
                        x="368.8888888888889"
                      >
                        2016-10-21
                      </tspan>
                    </text>
                  </g>
                  <g
                    class="recharts-layer recharts-cartesian-axis-tick"
                  >
                    <line
                      class="recharts-cartesian-axis-tick-line"
                      fill="none"
                      height="30"
                      orientation="bottom"
                      stroke="#666"
                      width="380"
                      x="90"
                      x1="404.44444444444446"
                      x2="404.44444444444446"
                      y="265"
                      y1="271"
                      y2="265"
                    />
                    <text
                      class="recharts-text recharts-cartesian-axis-tick-value"
                      fill="#666"
                      height="30"
                      orientation="bottom"
                      stroke="none"
                      text-anchor="middle"
                      width="380"
                      x="404.44444444444446"
                      y="273"
                    >
                      <tspan
                        dy="0.71em"
                        x="404.44444444444446"
                      >
                        2016-10-31
                      </tspan>
                    </text>
                  </g>
                  <g
                    class="recharts-layer recharts-cartesian-axis-tick"
                  >
                    <line
                      class="recharts-cartesian-axis-tick-line"
                      fill="none"
                      height="30"
                      orientation="bottom"
                      stroke="#666"
                      width="380"
                      x="90"
                      x1="440"
                      x2="440"
                      y="265"
                      y1="271"
                      y2="265"
                    />
                    <text
                      class="recharts-text recharts-cartesian-axis-tick-value"
                      fill="#666"
                      height="30"
                      orientation="bottom"
                      stroke="none"
                      text-anchor="middle"
                      width="380"
                      x="440"
                      y="273"
                    >
                      <tspan
                        dy="0.71em"
                        x="440"
                      >
                        2016-11-07
                      </tspan>
                    </text>
                  </g>
                </g>
              </g>
              <g
                class="recharts-layer recharts-cartesian-axis recharts-yAxis yAxis"
              >
                <line
                  class="recharts-cartesian-axis-line"
                  fill="none"
                  height="260"
                  orientation="left"
                  stroke="#666"
                  width="60"
                  x="30"
                  x1="90"
                  x2="90"
                  y="5"
                  y1="5"
                  y2="265"
                />
                <g
                  class="recharts-cartesian-axis-ticks"
                >
                  <g
                    class="recharts-layer recharts-cartesian-axis-tick"
                  >
                    <line
                      class="recharts-cartesian-axis-tick-line"
                      fill="none"
                      height="260"
                      orientation="left"
                      stroke="#666"
                      width="60"
                      x="30"
                      x1="84"
                      x2="90"
                      y="5"
                      y1="225"
                      y2="225"
                    />
                    <text
                      class="recharts-text recharts-cartesian-axis-tick-value"
                      fill="#666"
                      height="260"
                      orientation="left"
                      stroke="none"
                      text-anchor="end"
                      width="60"
                      x="82"
                      y="225"
                    >
                      <tspan
                        dy="0.355em"
                        x="82"
                      >
                        0
                      </tspan>
                    </text>
                  </g>
                  <g
                    class="recharts-layer recharts-cartesian-axis-tick"
                  >
                    <line
                      class="recharts-cartesian-axis-tick-line"
                      fill="none"
                      height="260"
                      orientation="left"
                      stroke="#666"
                      width="60"
                      x="30"
                      x1="84"
                      x2="90"
                      y="5"
                      y1="180"
                      y2="180"
                    />
                    <text
                      class="recharts-text recharts-cartesian-axis-tick-value"
                      fill="#666"
                      height="260"
                      orientation="left"
                      stroke="none"
                      text-anchor="end"
                      width="60"
                      x="82"
                      y="180"
                    >
                      <tspan
                        dy="0.355em"
                        x="82"
                      >
                        2
                      </tspan>
                    </text>
                  </g>
                  <g
                    class="recharts-layer recharts-cartesian-axis-tick"
                  >
                    <line
                      class="recharts-cartesian-axis-tick-line"
                      fill="none"
                      height="260"
                      orientation="left"
                      stroke="#666"
                      width="60"
                      x="30"
                      x1="84"
                      x2="90"
                      y="5"
                      y1="135"
                      y2="135"
                    />
                    <text
                      class="recharts-text recharts-cartesian-axis-tick-value"
                      fill="#666"
                      height="260"
                      orientation="left"
                      stroke="none"
                      text-anchor="end"
                      width="60"
                      x="82"
                      y="135"
                    >
                      <tspan
                        dy="0.355em"
                        x="82"
                      >
                        4
                      </tspan>
                    </text>
                  </g>
                  <g
                    class="recharts-layer recharts-cartesian-axis-tick"
                  >
                    <line
                      class="recharts-cartesian-axis-tick-line"
                      fill="none"
                      height="260"
                      orientation="left"
                      stroke="#666"
                      width="60"
                      x="30"
                      x1="84"
                      x2="90"
                      y="5"
                      y1="90"
                      y2="90"
                    />
                    <text
                      class="recharts-text recharts-cartesian-axis-tick-value"
                      fill="#666"
                      height="260"
                      orientation="left"
                      stroke="none"
                      text-anchor="end"
                      width="60"
                      x="82"
                      y="90"
                    >
                      <tspan
                        dy="0.355em"
                        x="82"
                      >
                        6
                      </tspan>
                    </text>
                  </g>
                  <g
                    class="recharts-layer recharts-cartesian-axis-tick"
                  >
                    <line
                      class="recharts-cartesian-axis-tick-line"
                      fill="none"
                      height="260"
                      orientation="left"
                      stroke="#666"
                      width="60"
                      x="30"
                      x1="84"
                      x2="90"
                      y="5"
                      y1="45"
                      y2="45"
                    />
                    <text
                      class="recharts-text recharts-cartesian-axis-tick-value"
                      fill="#666"
                      height="260"
                      orientation="left"
                      stroke="none"
                      text-anchor="end"
                      width="60"
                      x="82"
                      y="45"
                    >
                      <tspan
                        dy="0.355em"
                        x="82"
                      >
                        8
                      </tspan>
                    </text>
                  </g>
                </g>
                <text
                  class="recharts-text recharts-label"
                  fill="#808080"
                  offset="5"
                  style="text-anchor: middle; font-size: 130%; fill: white;"
                  text-anchor="middle"
                  transform="rotate(270, 20, 135)"
                  x="20"
                  y="135"
                >
                  <tspan
                    dy="0.355em"
                    x="20"
                  >
                    Severity Score
                  </tspan>
                </text>
              </g>
              <g
                class="recharts-layer recharts-line"
              >
                <path
                  class="recharts-curve recharts-line-curve"
                  d="M120,204.525C131.85185185185185,178.5375,143.7037037037037,152.54999999999998,155.55555555555554,152.54999999999998C167.4074074074074,152.54999999999998,179.25925925925927,194.925,191.11111111111111,200.925C202.96296296296296,206.925,214.81481481481484,209.925,226.66666666666669,209.925C238.51851851851853,209.925,250.37037037037038,112.275,262.22222222222223,112.275C274.0740740740741,112.275,285.9259259259259,120.52500000000003,297.77777777777777,136.8C309.6296296296296,153.07500000000002,321.4814814814815,208.425,333.33333333333337,209.925C345.1851851851852,211.425,357.03703703703707,211.35000000000002,368.8888888888889,212.175C380.74074074074076,213,392.5925925925926,213.3,404.44444444444446,214.875C416.2962962962963,216.45,428.14814814814815,219.0375,440,221.625"
                  fill="none"
                  height="260"
                  stroke="white"
                  stroke-dasharray="0px 0px"
                  stroke-width="1"
                  width="380"
                />
              </g>
            </svg>
            <div
              class="recharts-tooltip-wrapper"
              style="visibility: hidden; pointer-events: none; position: absolute; top: 0px; left: 0px;"
              tabindex="-1"
            />
          </div>
        </div>
      </div>
    </div>
  </div>
</DocumentFragment>
`;
